======================================================================
TEST MODELLI EFFICIENTAD-M - Training n 2
======================================================================

Modelli directory: /Users/md101ta/Project Work/Training/models/Training n 2
CSV dataset: /Users/md101ta/Project Work/Training/data/dataset.csv
Output directory: /Users/md101ta/Project Work/Training/test_results_training2

📊 Caricamento dataset...
   Totale immagini: 2853
   Immagini OK+KO (senza OCCLUSION): 2368
   Distribuzione:
label
OK    2343
KO      25
Name: count, dtype: int64

🖥️  Device: cpu

📦 Caricamento modelli...
   ✅ conn1: threshold=4.837670, mask=✅
   ✅ conn2: threshold=6.046730, mask=✅
   ✅ conn3: threshold=7.420876, mask=✅
   ✅ conn4: threshold=7.811402, mask=✅
   ✅ conn5: threshold=10.780673, mask=✅
   ✅ conn6: threshold=11.146002, mask=✅
   ✅ conn7: threshold=10.300186, mask=✅
   ✅ conn8: threshold=9.663886, mask=✅
   ✅ conn9: threshold=5.568445, mask=✅

🔍 Testing modelli...

======================================================================
Testing conn1
======================================================================
   Immagini da testare: 317
   Distribuzione: {'OK': 312, 'KO': 5}
  Testing conn1:   0%|          | 0/317 [00:00<?, ?it/s]  Testing conn1:   1%|          | 3/317 [00:00<00:12, 25.86it/s]  Testing conn1:   3%|▎         | 8/317 [00:00<00:08, 34.63it/s]  Testing conn1:   4%|▍         | 13/317 [00:00<00:07, 38.30it/s]  Testing conn1:   6%|▌         | 18/317 [00:00<00:07, 39.68it/s]  Testing conn1:   7%|▋         | 23/317 [00:00<00:07, 40.42it/s]  Testing conn1:   9%|▉         | 28/317 [00:00<00:07, 40.97it/s]  Testing conn1:  10%|█         | 33/317 [00:00<00:06, 41.26it/s]  Testing conn1:  12%|█▏        | 38/317 [00:00<00:06, 41.22it/s]  Testing conn1:  14%|█▎        | 43/317 [00:01<00:06, 40.69it/s]  Testing conn1:  15%|█▌        | 48/317 [00:01<00:06, 41.06it/s]  Testing conn1:  17%|█▋        | 53/317 [00:01<00:06, 41.33it/s]  Testing conn1:  18%|█▊        | 58/317 [00:01<00:06, 41.51it/s]  Testing conn1:  20%|█▉        | 63/317 [00:01<00:06, 41.34it/s]  Testing conn1:  21%|██▏       | 68/317 [00:01<00:06, 39.40it/s]  Testing conn1:  23%|██▎       | 72/317 [00:01<00:08, 28.74it/s]  Testing conn1:  24%|██▍       | 76/317 [00:02<00:08, 29.64it/s]  Testing conn1:  25%|██▌       | 80/317 [00:02<00:07, 29.85it/s]  Testing conn1:  26%|██▋       | 84/317 [00:02<00:07, 32.05it/s]  Testing conn1:  28%|██▊       | 89/317 [00:02<00:06, 34.36it/s]  Testing conn1:  30%|██▉       | 94/317 [00:02<00:06, 36.25it/s]  Testing conn1:  31%|███       | 98/317 [00:02<00:05, 37.09it/s]  Testing conn1:  32%|███▏      | 102/317 [00:02<00:05, 37.63it/s]  Testing conn1:  34%|███▍      | 107/317 [00:02<00:05, 38.61it/s]  Testing conn1:  35%|███▌      | 112/317 [00:03<00:05, 39.54it/s]  Testing conn1:  37%|███▋      | 116/317 [00:03<00:05, 39.54it/s]  Testing conn1:  38%|███▊      | 121/317 [00:03<00:04, 40.29it/s]  Testing conn1:  40%|███▉      | 126/317 [00:03<00:04, 40.81it/s]  Testing conn1:  41%|████▏     | 131/317 [00:03<00:04, 41.08it/s]  Testing conn1:  43%|████▎     | 136/317 [00:03<00:04, 40.66it/s]  Testing conn1:  44%|████▍     | 141/317 [00:03<00:04, 40.43it/s]  Testing conn1:  46%|████▌     | 146/317 [00:03<00:04, 40.81it/s]  Testing conn1:  48%|████▊     | 151/317 [00:03<00:04, 41.00it/s]  Testing conn1:  49%|████▉     | 156/317 [00:04<00:03, 41.39it/s]  Testing conn1:  51%|█████     | 161/317 [00:04<00:03, 41.72it/s]  Testing conn1:  52%|█████▏    | 166/317 [00:04<00:03, 41.83it/s]  Testing conn1:  54%|█████▍    | 171/317 [00:04<00:03, 41.51it/s]  Testing conn1:  56%|█████▌    | 176/317 [00:04<00:03, 41.43it/s]  Testing conn1:  57%|█████▋    | 181/317 [00:04<00:03, 41.20it/s]  Testing conn1:  59%|█████▊    | 186/317 [00:04<00:03, 40.97it/s]  Testing conn1:  60%|██████    | 191/317 [00:04<00:03, 41.25it/s]  Testing conn1:  62%|██████▏   | 196/317 [00:05<00:02, 41.02it/s]  Testing conn1:  63%|██████▎   | 201/317 [00:05<00:02, 41.45it/s]  Testing conn1:  65%|██████▍   | 206/317 [00:05<00:02, 41.37it/s]  Testing conn1:  67%|██████▋   | 211/317 [00:05<00:02, 40.65it/s]  Testing conn1:  68%|██████▊   | 216/317 [00:05<00:02, 39.11it/s]  Testing conn1:  69%|██████▉   | 220/317 [00:05<00:02, 36.43it/s]  Testing conn1:  71%|███████   | 224/317 [00:05<00:02, 34.63it/s]  Testing conn1:  72%|███████▏  | 229/317 [00:05<00:02, 36.29it/s]  Testing conn1:  74%|███████▍  | 234/317 [00:06<00:02, 37.63it/s]  Testing conn1:  75%|███████▌  | 239/317 [00:06<00:02, 38.74it/s]  Testing conn1:  77%|███████▋  | 244/317 [00:06<00:01, 39.61it/s]  Testing conn1:  79%|███████▊  | 249/317 [00:06<00:01, 40.07it/s]  Testing conn1:  80%|████████  | 254/317 [00:06<00:01, 40.67it/s]  Testing conn1:  82%|████████▏ | 259/317 [00:06<00:01, 40.94it/s]  Testing conn1:  83%|████████▎ | 264/317 [00:06<00:01, 41.00it/s]  Testing conn1:  85%|████████▍ | 269/317 [00:06<00:01, 41.16it/s]  Testing conn1:  86%|████████▋ | 274/317 [00:07<00:01, 41.09it/s]  Testing conn1:  88%|████████▊ | 279/317 [00:07<00:00, 39.15it/s]  Testing conn1:  89%|████████▉ | 283/317 [00:07<00:00, 39.29it/s]  Testing conn1:  91%|█████████ | 288/317 [00:07<00:00, 40.01it/s]  Testing conn1:  92%|█████████▏| 293/317 [00:07<00:00, 40.45it/s]  Testing conn1:  94%|█████████▍| 298/317 [00:07<00:00, 40.59it/s]  Testing conn1:  96%|█████████▌| 303/317 [00:07<00:00, 40.94it/s]  Testing conn1:  97%|█████████▋| 308/317 [00:07<00:00, 41.34it/s]  Testing conn1:  99%|█████████▊| 313/317 [00:07<00:00, 41.25it/s]  Testing conn1: 100%|██████████| 317/317 [00:08<00:00, 39.21it/s]

   📊 Risultati conn1:
      Accuracy: 312/317 (98.42%)
      Confusion Matrix:
      predicted_label  KO   OK
true_label              
KO                5    0
OK                5  307

======================================================================
Testing conn2
======================================================================
   Immagini da testare: 317
   Distribuzione: {'OK': 312, 'KO': 5}
  Testing conn2:   0%|          | 0/317 [00:00<?, ?it/s]  Testing conn2:   1%|▏         | 4/317 [00:00<00:07, 39.73it/s]  Testing conn2:   3%|▎         | 8/317 [00:00<00:07, 39.31it/s]  Testing conn2:   4%|▍         | 12/317 [00:00<00:07, 39.14it/s]  Testing conn2:   5%|▌         | 16/317 [00:00<00:07, 38.56it/s]  Testing conn2:   7%|▋         | 21/317 [00:00<00:07, 39.54it/s]  Testing conn2:   8%|▊         | 25/317 [00:00<00:07, 39.67it/s]  Testing conn2:   9%|▉         | 29/317 [00:00<00:07, 39.71it/s]  Testing conn2:  11%|█         | 34/317 [00:00<00:07, 39.94it/s]  Testing conn2:  12%|█▏        | 38/317 [00:00<00:07, 39.85it/s]  Testing conn2:  14%|█▎        | 43/317 [00:01<00:06, 40.05it/s]  Testing conn2:  15%|█▌        | 48/317 [00:01<00:06, 39.73it/s]  Testing conn2:  16%|█▋        | 52/317 [00:01<00:06, 38.91it/s]  Testing conn2:  18%|█▊        | 56/317 [00:01<00:06, 39.20it/s]  Testing conn2:  19%|█▉        | 61/317 [00:01<00:06, 39.79it/s]  Testing conn2:  21%|██        | 65/317 [00:01<00:06, 39.85it/s]  Testing conn2:  22%|██▏       | 69/317 [00:01<00:06, 39.82it/s]  Testing conn2:  23%|██▎       | 74/317 [00:01<00:06, 39.63it/s]  Testing conn2:  25%|██▍       | 78/317 [00:01<00:06, 39.46it/s]  Testing conn2:  26%|██▌       | 83/317 [00:02<00:05, 39.71it/s]  Testing conn2:  28%|██▊       | 88/317 [00:02<00:05, 39.84it/s]  Testing conn2:  29%|██▉       | 92/317 [00:02<00:05, 39.54it/s]  Testing conn2:  30%|███       | 96/317 [00:02<00:05, 39.65it/s]  Testing conn2:  32%|███▏      | 101/317 [00:02<00:05, 39.83it/s]  Testing conn2:  33%|███▎      | 106/317 [00:02<00:05, 39.78it/s]  Testing conn2:  35%|███▍      | 110/317 [00:02<00:05, 39.75it/s]  Testing conn2:  36%|███▋      | 115/317 [00:02<00:05, 40.19it/s]  Testing conn2:  38%|███▊      | 120/317 [00:03<00:04, 39.83it/s]  Testing conn2:  39%|███▉      | 124/317 [00:03<00:05, 37.63it/s]  Testing conn2:  40%|████      | 128/317 [00:03<00:05, 37.65it/s]  Testing conn2:  42%|████▏     | 133/317 [00:03<00:04, 38.61it/s]  Testing conn2:  44%|████▎     | 138/317 [00:03<00:04, 39.28it/s]  Testing conn2:  45%|████▌     | 143/317 [00:03<00:04, 39.84it/s]  Testing conn2:  47%|████▋     | 148/317 [00:03<00:04, 40.12it/s]  Testing conn2:  48%|████▊     | 153/317 [00:03<00:04, 40.36it/s]  Testing conn2:  50%|████▉     | 158/317 [00:03<00:03, 40.68it/s]  Testing conn2:  51%|█████▏    | 163/317 [00:04<00:03, 40.75it/s]  Testing conn2:  53%|█████▎    | 168/317 [00:04<00:03, 40.41it/s]  Testing conn2:  55%|█████▍    | 173/317 [00:04<00:03, 40.28it/s]  Testing conn2:  56%|█████▌    | 178/317 [00:04<00:03, 40.16it/s]  Testing conn2:  58%|█████▊    | 183/317 [00:04<00:03, 39.58it/s]  Testing conn2:  59%|█████▉    | 187/317 [00:04<00:03, 39.58it/s]  Testing conn2:  60%|██████    | 191/317 [00:04<00:03, 39.57it/s]  Testing conn2:  62%|██████▏   | 195/317 [00:04<00:03, 39.35it/s]  Testing conn2:  63%|██████▎   | 199/317 [00:05<00:03, 37.38it/s]  Testing conn2:  64%|██████▍   | 203/317 [00:05<00:03, 37.24it/s]  Testing conn2:  65%|██████▌   | 207/317 [00:05<00:02, 37.80it/s]  Testing conn2:  67%|██████▋   | 211/317 [00:05<00:02, 38.33it/s]  Testing conn2:  68%|██████▊   | 216/317 [00:05<00:02, 39.29it/s]  Testing conn2:  70%|██████▉   | 221/317 [00:05<00:02, 40.07it/s]  Testing conn2:  71%|███████▏  | 226/317 [00:05<00:02, 39.71it/s]  Testing conn2:  73%|███████▎  | 231/317 [00:05<00:02, 39.95it/s]  Testing conn2:  74%|███████▍  | 235/317 [00:05<00:02, 39.84it/s]  Testing conn2:  76%|███████▌  | 240/317 [00:06<00:01, 40.32it/s]  Testing conn2:  77%|███████▋  | 245/317 [00:06<00:01, 40.18it/s]  Testing conn2:  79%|███████▉  | 250/317 [00:06<00:01, 40.16it/s]  Testing conn2:  80%|████████  | 255/317 [00:06<00:01, 40.71it/s]  Testing conn2:  82%|████████▏ | 260/317 [00:06<00:01, 40.79it/s]  Testing conn2:  84%|████████▎ | 265/317 [00:06<00:01, 40.63it/s]  Testing conn2:  85%|████████▌ | 270/317 [00:06<00:01, 40.71it/s]  Testing conn2:  87%|████████▋ | 275/317 [00:06<00:01, 40.84it/s]  Testing conn2:  88%|████████▊ | 280/317 [00:07<00:00, 40.79it/s]  Testing conn2:  90%|████████▉ | 285/317 [00:07<00:00, 40.31it/s]  Testing conn2:  91%|█████████▏| 290/317 [00:07<00:00, 40.46it/s]  Testing conn2:  93%|█████████▎| 295/317 [00:07<00:00, 40.59it/s]  Testing conn2:  95%|█████████▍| 300/317 [00:07<00:00, 40.45it/s]  Testing conn2:  96%|█████████▌| 305/317 [00:07<00:00, 40.54it/s]  Testing conn2:  98%|█████████▊| 310/317 [00:07<00:00, 40.54it/s]  Testing conn2:  99%|█████████▉| 315/317 [00:07<00:00, 40.33it/s]  Testing conn2: 100%|██████████| 317/317 [00:07<00:00, 39.79it/s]

   📊 Risultati conn2:
      Accuracy: 308/317 (97.16%)
      Confusion Matrix:
      predicted_label  KO   OK
true_label              
KO                4    1
OK                8  304

======================================================================
Testing conn3
======================================================================
   Immagini da testare: 317
   Distribuzione: {'OK': 317}
  Testing conn3:   0%|          | 0/317 [00:00<?, ?it/s]  Testing conn3:   2%|▏         | 5/317 [00:00<00:07, 41.40it/s]  Testing conn3:   3%|▎         | 10/317 [00:00<00:07, 40.82it/s]  Testing conn3:   5%|▍         | 15/317 [00:00<00:07, 40.98it/s]  Testing conn3:   6%|▋         | 20/317 [00:00<00:07, 41.38it/s]  Testing conn3:   8%|▊         | 25/317 [00:00<00:07, 40.95it/s]  Testing conn3:   9%|▉         | 30/317 [00:00<00:07, 40.11it/s]  Testing conn3:  11%|█         | 35/317 [00:00<00:06, 40.44it/s]  Testing conn3:  13%|█▎        | 40/317 [00:00<00:06, 40.28it/s]  Testing conn3:  14%|█▍        | 45/317 [00:01<00:06, 40.14it/s]  Testing conn3:  16%|█▌        | 50/317 [00:01<00:06, 40.28it/s]  Testing conn3:  17%|█▋        | 55/317 [00:01<00:06, 40.11it/s]  Testing conn3:  19%|█▉        | 60/317 [00:01<00:06, 40.08it/s]  Testing conn3:  21%|██        | 65/317 [00:01<00:06, 40.32it/s]  Testing conn3:  22%|██▏       | 70/317 [00:01<00:06, 40.39it/s]  Testing conn3:  24%|██▎       | 75/317 [00:01<00:05, 40.73it/s]  Testing conn3:  25%|██▌       | 80/317 [00:01<00:05, 40.20it/s]  Testing conn3:  27%|██▋       | 85/317 [00:02<00:05, 40.35it/s]  Testing conn3:  28%|██▊       | 90/317 [00:02<00:06, 36.89it/s]  Testing conn3:  30%|██▉       | 94/317 [00:02<00:06, 34.52it/s]  Testing conn3:  31%|███       | 98/317 [00:02<00:06, 33.35it/s]  Testing conn3:  32%|███▏      | 102/317 [00:02<00:06, 33.15it/s]  Testing conn3:  33%|███▎      | 106/317 [00:02<00:06, 33.67it/s]  Testing conn3:  35%|███▍      | 110/317 [00:02<00:06, 31.16it/s]  Testing conn3:  36%|███▌      | 114/317 [00:03<00:06, 30.89it/s]  Testing conn3:  37%|███▋      | 118/317 [00:03<00:06, 32.10it/s]  Testing conn3:  38%|███▊      | 122/317 [00:03<00:05, 33.65it/s]  Testing conn3:  40%|███▉      | 126/317 [00:03<00:05, 34.55it/s]  Testing conn3:  41%|████      | 130/317 [00:03<00:05, 35.30it/s]  Testing conn3:  43%|████▎     | 135/317 [00:03<00:04, 36.76it/s]  Testing conn3:  44%|████▍     | 140/317 [00:03<00:04, 37.88it/s]  Testing conn3:  46%|████▌     | 145/317 [00:03<00:04, 37.98it/s]  Testing conn3:  47%|████▋     | 149/317 [00:03<00:04, 37.77it/s]  Testing conn3:  49%|████▊     | 154/317 [00:04<00:04, 38.75it/s]  Testing conn3:  50%|█████     | 159/317 [00:04<00:04, 39.25it/s]  Testing conn3:  51%|█████▏    | 163/317 [00:04<00:03, 38.90it/s]  Testing conn3:  53%|█████▎    | 167/317 [00:04<00:03, 38.49it/s]  Testing conn3:  54%|█████▍    | 171/317 [00:04<00:03, 38.63it/s]  Testing conn3:  55%|█████▌    | 175/317 [00:04<00:03, 38.96it/s]  Testing conn3:  56%|█████▋    | 179/317 [00:04<00:03, 38.51it/s]  Testing conn3:  58%|█████▊    | 183/317 [00:04<00:03, 38.23it/s]  Testing conn3:  59%|█████▉    | 187/317 [00:04<00:03, 36.95it/s]  Testing conn3:  60%|██████    | 191/317 [00:05<00:03, 37.21it/s]  Testing conn3:  62%|██████▏   | 195/317 [00:05<00:03, 37.17it/s]  Testing conn3:  63%|██████▎   | 199/317 [00:05<00:03, 37.42it/s]  Testing conn3:  64%|██████▍   | 203/317 [00:05<00:03, 37.08it/s]  Testing conn3:  65%|██████▌   | 207/317 [00:05<00:03, 33.69it/s]  Testing conn3:  67%|██████▋   | 211/317 [00:05<00:03, 30.02it/s]  Testing conn3:  68%|██████▊   | 215/317 [00:05<00:04, 23.19it/s]  Testing conn3:  69%|██████▉   | 218/317 [00:06<00:04, 23.39it/s]  Testing conn3:  70%|███████   | 222/317 [00:06<00:03, 24.91it/s]  Testing conn3:  71%|███████   | 225/317 [00:06<00:03, 24.96it/s]  Testing conn3:  72%|███████▏  | 229/317 [00:06<00:03, 27.21it/s]  Testing conn3:  74%|███████▍  | 234/317 [00:06<00:02, 31.58it/s]  Testing conn3:  75%|███████▌  | 239/317 [00:06<00:02, 34.76it/s]  Testing conn3:  77%|███████▋  | 244/317 [00:06<00:02, 35.80it/s]  Testing conn3:  78%|███████▊  | 248/317 [00:06<00:02, 33.82it/s]  Testing conn3:  79%|███████▉  | 252/317 [00:07<00:01, 33.85it/s]  Testing conn3:  81%|████████  | 256/317 [00:07<00:01, 35.27it/s]  Testing conn3:  82%|████████▏ | 260/317 [00:07<00:01, 34.79it/s]  Testing conn3:  83%|████████▎ | 264/317 [00:07<00:01, 34.87it/s]  Testing conn3:  85%|████████▍ | 269/317 [00:07<00:01, 37.48it/s]  Testing conn3:  86%|████████▋ | 274/317 [00:07<00:01, 39.84it/s]  Testing conn3:  88%|████████▊ | 279/317 [00:07<00:00, 41.18it/s]  Testing conn3:  90%|████████▉ | 284/317 [00:07<00:00, 42.55it/s]  Testing conn3:  91%|█████████ | 289/317 [00:07<00:00, 42.89it/s]  Testing conn3:  93%|█████████▎| 294/317 [00:08<00:00, 40.92it/s]  Testing conn3:  94%|█████████▍| 299/317 [00:08<00:00, 38.91it/s]  Testing conn3:  96%|█████████▌| 303/317 [00:08<00:00, 38.38it/s]  Testing conn3:  97%|█████████▋| 308/317 [00:08<00:00, 40.12it/s]  Testing conn3:  99%|█████████▊| 313/317 [00:08<00:00, 41.97it/s]  Testing conn3: 100%|██████████| 317/317 [00:08<00:00, 36.55it/s]

   📊 Risultati conn3:
      Accuracy: 317/317 (100.00%)
      Confusion Matrix:
      predicted_label   OK
true_label          
OK               317

======================================================================
Testing conn4
======================================================================
   Immagini da testare: 151
   Distribuzione: {'OK': 151}
  Testing conn4:   0%|          | 0/151 [00:00<?, ?it/s]  Testing conn4:   3%|▎         | 5/151 [00:00<00:03, 40.12it/s]  Testing conn4:   7%|▋         | 10/151 [00:00<00:04, 34.60it/s]  Testing conn4:   9%|▉         | 14/151 [00:00<00:03, 35.36it/s]  Testing conn4:  13%|█▎        | 19/151 [00:00<00:03, 38.93it/s]  Testing conn4:  16%|█▌        | 24/151 [00:00<00:03, 41.20it/s]  Testing conn4:  19%|█▉        | 29/151 [00:00<00:02, 43.76it/s]  Testing conn4:  23%|██▎       | 34/151 [00:00<00:02, 45.41it/s]  Testing conn4:  26%|██▌       | 39/151 [00:00<00:02, 46.21it/s]  Testing conn4:  29%|██▉       | 44/151 [00:01<00:02, 46.87it/s]  Testing conn4:  32%|███▏      | 49/151 [00:01<00:02, 47.11it/s]  Testing conn4:  36%|███▌      | 54/151 [00:01<00:02, 47.25it/s]  Testing conn4:  39%|███▉      | 59/151 [00:01<00:01, 47.39it/s]  Testing conn4:  42%|████▏     | 64/151 [00:01<00:01, 47.74it/s]  Testing conn4:  46%|████▌     | 69/151 [00:01<00:01, 48.08it/s]  Testing conn4:  49%|████▉     | 74/151 [00:01<00:01, 47.99it/s]  Testing conn4:  52%|█████▏    | 79/151 [00:01<00:01, 48.37it/s]  Testing conn4:  56%|█████▌    | 84/151 [00:01<00:01, 48.52it/s]  Testing conn4:  59%|█████▉    | 89/151 [00:01<00:01, 48.51it/s]  Testing conn4:  62%|██████▏   | 94/151 [00:02<00:01, 48.47it/s]  Testing conn4:  66%|██████▌   | 99/151 [00:02<00:01, 48.46it/s]  Testing conn4:  69%|██████▉   | 104/151 [00:02<00:00, 48.14it/s]  Testing conn4:  72%|███████▏  | 109/151 [00:02<00:00, 48.31it/s]  Testing conn4:  75%|███████▌  | 114/151 [00:02<00:00, 48.37it/s]  Testing conn4:  79%|███████▉  | 119/151 [00:02<00:00, 47.91it/s]  Testing conn4:  82%|████████▏ | 124/151 [00:02<00:00, 48.03it/s]  Testing conn4:  85%|████████▌ | 129/151 [00:02<00:00, 47.75it/s]  Testing conn4:  89%|████████▊ | 134/151 [00:02<00:00, 47.81it/s]  Testing conn4:  92%|█████████▏| 139/151 [00:02<00:00, 47.98it/s]  Testing conn4:  95%|█████████▌| 144/151 [00:03<00:00, 48.08it/s]  Testing conn4:  99%|█████████▊| 149/151 [00:03<00:00, 48.16it/s]  Testing conn4: 100%|██████████| 151/151 [00:03<00:00, 46.55it/s]

   📊 Risultati conn4:
      Accuracy: 148/151 (98.01%)
      Confusion Matrix:
      predicted_label  KO   OK
true_label              
OK                3  148

======================================================================
Testing conn5
======================================================================
   Immagini da testare: 206
   Distribuzione: {'OK': 202, 'KO': 4}
  Testing conn5:   0%|          | 0/206 [00:00<?, ?it/s]  Testing conn5:   2%|▏         | 5/206 [00:00<00:04, 47.95it/s]  Testing conn5:   5%|▍         | 10/206 [00:00<00:04, 48.26it/s]  Testing conn5:   7%|▋         | 15/206 [00:00<00:03, 48.21it/s]  Testing conn5:  10%|▉         | 20/206 [00:00<00:03, 47.98it/s]  Testing conn5:  12%|█▏        | 25/206 [00:00<00:03, 48.25it/s]  Testing conn5:  15%|█▍        | 30/206 [00:00<00:03, 48.35it/s]  Testing conn5:  17%|█▋        | 35/206 [00:00<00:03, 43.67it/s]  Testing conn5:  19%|█▉        | 40/206 [00:00<00:04, 38.84it/s]  Testing conn5:  22%|██▏       | 45/206 [00:01<00:03, 40.94it/s]  Testing conn5:  24%|██▍       | 50/206 [00:01<00:04, 36.75it/s]  Testing conn5:  26%|██▌       | 54/206 [00:01<00:04, 36.26it/s]  Testing conn5:  28%|██▊       | 58/206 [00:01<00:04, 34.81it/s]  Testing conn5:  31%|███       | 63/206 [00:01<00:03, 36.32it/s]  Testing conn5:  33%|███▎      | 68/206 [00:01<00:03, 38.19it/s]  Testing conn5:  35%|███▌      | 73/206 [00:01<00:03, 40.09it/s]  Testing conn5:  38%|███▊      | 78/206 [00:01<00:03, 36.94it/s]  Testing conn5:  40%|███▉      | 82/206 [00:02<00:03, 36.07it/s]  Testing conn5:  42%|████▏     | 86/206 [00:02<00:03, 36.78it/s]  Testing conn5:  44%|████▍     | 91/206 [00:02<00:02, 40.00it/s]  Testing conn5:  47%|████▋     | 96/206 [00:02<00:02, 42.06it/s]  Testing conn5:  49%|████▉     | 101/206 [00:02<00:02, 43.72it/s]  Testing conn5:  51%|█████▏    | 106/206 [00:02<00:02, 45.16it/s]  Testing conn5:  54%|█████▍    | 111/206 [00:02<00:02, 46.22it/s]  Testing conn5:  56%|█████▋    | 116/206 [00:02<00:01, 47.02it/s]  Testing conn5:  59%|█████▊    | 121/206 [00:02<00:01, 47.04it/s]  Testing conn5:  61%|██████    | 126/206 [00:03<00:01, 46.98it/s]  Testing conn5:  64%|██████▎   | 131/206 [00:03<00:01, 47.47it/s]  Testing conn5:  66%|██████▌   | 136/206 [00:03<00:01, 46.73it/s]  Testing conn5:  68%|██████▊   | 141/206 [00:03<00:01, 45.35it/s]  Testing conn5:  71%|███████   | 146/206 [00:03<00:01, 46.39it/s]  Testing conn5:  73%|███████▎  | 151/206 [00:03<00:01, 46.93it/s]  Testing conn5:  76%|███████▌  | 156/206 [00:03<00:01, 46.56it/s]  Testing conn5:  78%|███████▊  | 161/206 [00:03<00:00, 46.85it/s]  Testing conn5:  81%|████████  | 166/206 [00:03<00:00, 47.02it/s]  Testing conn5:  83%|████████▎ | 171/206 [00:03<00:00, 47.22it/s]  Testing conn5:  85%|████████▌ | 176/206 [00:04<00:00, 47.73it/s]  Testing conn5:  88%|████████▊ | 181/206 [00:04<00:00, 48.24it/s]  Testing conn5:  90%|█████████ | 186/206 [00:04<00:00, 48.48it/s]  Testing conn5:  93%|█████████▎| 191/206 [00:04<00:00, 47.75it/s]  Testing conn5:  95%|█████████▌| 196/206 [00:04<00:00, 47.96it/s]  Testing conn5:  98%|█████████▊| 201/206 [00:04<00:00, 47.97it/s]  Testing conn5: 100%|██████████| 206/206 [00:04<00:00, 48.50it/s]  Testing conn5: 100%|██████████| 206/206 [00:04<00:00, 43.98it/s]

   📊 Risultati conn5:
      Accuracy: 201/206 (97.57%)
      Confusion Matrix:
      predicted_label  KO   OK
true_label              
KO                0    4
OK                1  201

======================================================================
Testing conn6
======================================================================
   Immagini da testare: 208
   Distribuzione: {'OK': 204, 'KO': 4}
  Testing conn6:   0%|          | 0/208 [00:00<?, ?it/s]  Testing conn6:   3%|▎         | 6/208 [00:00<00:04, 49.75it/s]  Testing conn6:   5%|▌         | 11/208 [00:00<00:03, 49.81it/s]  Testing conn6:   8%|▊         | 17/208 [00:00<00:03, 50.06it/s]  Testing conn6:  11%|█         | 23/208 [00:00<00:03, 50.45it/s]  Testing conn6:  14%|█▍        | 29/208 [00:00<00:03, 50.89it/s]  Testing conn6:  17%|█▋        | 35/208 [00:00<00:03, 50.58it/s]  Testing conn6:  20%|█▉        | 41/208 [00:00<00:03, 50.92it/s]  Testing conn6:  23%|██▎       | 47/208 [00:00<00:03, 51.02it/s]  Testing conn6:  25%|██▌       | 53/208 [00:01<00:03, 51.05it/s]  Testing conn6:  28%|██▊       | 59/208 [00:01<00:02, 50.67it/s]  Testing conn6:  31%|███▏      | 65/208 [00:01<00:02, 50.56it/s]  Testing conn6:  34%|███▍      | 71/208 [00:01<00:02, 50.37it/s]  Testing conn6:  37%|███▋      | 77/208 [00:01<00:02, 50.66it/s]  Testing conn6:  40%|███▉      | 83/208 [00:01<00:02, 50.57it/s]  Testing conn6:  43%|████▎     | 89/208 [00:01<00:02, 50.50it/s]  Testing conn6:  46%|████▌     | 95/208 [00:01<00:02, 50.44it/s]  Testing conn6:  49%|████▊     | 101/208 [00:01<00:02, 50.72it/s]  Testing conn6:  51%|█████▏    | 107/208 [00:02<00:01, 50.82it/s]  Testing conn6:  54%|█████▍    | 113/208 [00:02<00:01, 50.65it/s]  Testing conn6:  57%|█████▋    | 119/208 [00:02<00:01, 49.50it/s]  Testing conn6:  60%|██████    | 125/208 [00:02<00:01, 50.36it/s]  Testing conn6:  63%|██████▎   | 131/208 [00:02<00:01, 50.67it/s]  Testing conn6:  66%|██████▌   | 137/208 [00:02<00:01, 50.35it/s]  Testing conn6:  69%|██████▉   | 143/208 [00:02<00:01, 50.12it/s]  Testing conn6:  72%|███████▏  | 149/208 [00:02<00:01, 50.36it/s]  Testing conn6:  75%|███████▍  | 155/208 [00:03<00:01, 50.44it/s]  Testing conn6:  77%|███████▋  | 161/208 [00:03<00:00, 50.20it/s]  Testing conn6:  80%|████████  | 167/208 [00:03<00:00, 50.33it/s]  Testing conn6:  83%|████████▎ | 173/208 [00:03<00:00, 50.46it/s]  Testing conn6:  86%|████████▌ | 179/208 [00:03<00:00, 50.70it/s]  Testing conn6:  89%|████████▉ | 185/208 [00:03<00:00, 50.36it/s]  Testing conn6:  92%|█████████▏| 191/208 [00:03<00:00, 50.72it/s]  Testing conn6:  95%|█████████▍| 197/208 [00:03<00:00, 50.87it/s]  Testing conn6:  98%|█████████▊| 203/208 [00:04<00:00, 51.15it/s]  Testing conn6: 100%|██████████| 208/208 [00:04<00:00, 50.58it/s]

   📊 Risultati conn6:
      Accuracy: 197/208 (94.71%)
      Confusion Matrix:
      predicted_label  KO   OK
true_label              
KO                0    4
OK                7  197

======================================================================
Testing conn7
======================================================================
   Immagini da testare: 254
   Distribuzione: {'OK': 250, 'KO': 4}
  Testing conn7:   0%|          | 0/254 [00:00<?, ?it/s]  Testing conn7:   2%|▏         | 5/254 [00:00<00:05, 48.66it/s]  Testing conn7:   4%|▍         | 10/254 [00:00<00:05, 48.78it/s]  Testing conn7:   6%|▋         | 16/254 [00:00<00:04, 49.99it/s]  Testing conn7:   9%|▊         | 22/254 [00:00<00:04, 50.50it/s]  Testing conn7:  11%|█         | 28/254 [00:00<00:04, 50.15it/s]  Testing conn7:  13%|█▎        | 34/254 [00:00<00:04, 49.60it/s]  Testing conn7:  15%|█▌        | 39/254 [00:00<00:04, 49.67it/s]  Testing conn7:  17%|█▋        | 44/254 [00:00<00:04, 49.76it/s]  Testing conn7:  20%|█▉        | 50/254 [00:01<00:04, 49.85it/s]  Testing conn7:  22%|██▏       | 56/254 [00:01<00:03, 50.04it/s]  Testing conn7:  24%|██▍       | 62/254 [00:01<00:03, 50.08it/s]  Testing conn7:  27%|██▋       | 68/254 [00:01<00:03, 50.32it/s]  Testing conn7:  29%|██▉       | 74/254 [00:01<00:03, 50.47it/s]  Testing conn7:  31%|███▏      | 80/254 [00:01<00:03, 48.13it/s]  Testing conn7:  33%|███▎      | 85/254 [00:01<00:03, 47.49it/s]  Testing conn7:  35%|███▌      | 90/254 [00:01<00:03, 47.45it/s]  Testing conn7:  37%|███▋      | 95/254 [00:01<00:03, 46.90it/s]  Testing conn7:  39%|███▉      | 100/254 [00:02<00:03, 46.30it/s]  Testing conn7:  41%|████▏     | 105/254 [00:02<00:03, 45.62it/s]  Testing conn7:  43%|████▎     | 110/254 [00:02<00:03, 43.77it/s]  Testing conn7:  45%|████▌     | 115/254 [00:02<00:03, 42.90it/s]  Testing conn7:  47%|████▋     | 120/254 [00:02<00:03, 43.49it/s]  Testing conn7:  49%|████▉     | 125/254 [00:02<00:02, 44.32it/s]  Testing conn7:  51%|█████     | 130/254 [00:02<00:02, 45.19it/s]  Testing conn7:  53%|█████▎    | 135/254 [00:02<00:02, 45.49it/s]  Testing conn7:  55%|█████▌    | 140/254 [00:02<00:02, 46.07it/s]  Testing conn7:  57%|█████▋    | 145/254 [00:03<00:02, 45.77it/s]  Testing conn7:  59%|█████▉    | 150/254 [00:03<00:02, 46.13it/s]  Testing conn7:  61%|██████    | 155/254 [00:03<00:02, 46.44it/s]  Testing conn7:  63%|██████▎   | 160/254 [00:03<00:02, 46.84it/s]  Testing conn7:  65%|██████▍   | 165/254 [00:03<00:01, 45.80it/s]  Testing conn7:  67%|██████▋   | 170/254 [00:03<00:02, 41.74it/s]  Testing conn7:  69%|██████▉   | 175/254 [00:03<00:01, 43.22it/s]  Testing conn7:  71%|███████   | 180/254 [00:03<00:01, 43.74it/s]  Testing conn7:  73%|███████▎  | 185/254 [00:03<00:01, 41.53it/s]  Testing conn7:  75%|███████▍  | 190/254 [00:04<00:01, 41.60it/s]  Testing conn7:  77%|███████▋  | 195/254 [00:04<00:01, 42.83it/s]  Testing conn7:  79%|███████▊  | 200/254 [00:04<00:01, 41.45it/s]  Testing conn7:  81%|████████  | 205/254 [00:04<00:01, 38.31it/s]  Testing conn7:  82%|████████▏ | 209/254 [00:04<00:01, 37.08it/s]  Testing conn7:  84%|████████▍ | 214/254 [00:04<00:01, 39.87it/s]  Testing conn7:  86%|████████▌ | 219/254 [00:04<00:00, 42.29it/s]  Testing conn7:  89%|████████▊ | 225/254 [00:04<00:00, 44.69it/s]  Testing conn7:  91%|█████████ | 230/254 [00:05<00:00, 45.76it/s]  Testing conn7:  93%|█████████▎| 235/254 [00:05<00:00, 46.84it/s]  Testing conn7:  94%|█████████▍| 240/254 [00:05<00:00, 47.55it/s]  Testing conn7:  96%|█████████▋| 245/254 [00:05<00:00, 47.71it/s]  Testing conn7:  98%|█████████▊| 250/254 [00:05<00:00, 46.99it/s]  Testing conn7: 100%|██████████| 254/254 [00:05<00:00, 45.68it/s]

   📊 Risultati conn7:
      Accuracy: 250/254 (98.43%)
      Confusion Matrix:
      predicted_label   OK
true_label          
KO                 4
OK               250

======================================================================
Testing conn8
======================================================================
   Immagini da testare: 299
   Distribuzione: {'OK': 298, 'KO': 1}
  Testing conn8:   0%|          | 0/299 [00:00<?, ?it/s]  Testing conn8:   2%|▏         | 5/299 [00:00<00:07, 41.37it/s]  Testing conn8:   3%|▎         | 10/299 [00:00<00:06, 44.68it/s]  Testing conn8:   5%|▌         | 15/299 [00:00<00:06, 46.49it/s]  Testing conn8:   7%|▋         | 21/299 [00:00<00:05, 47.85it/s]  Testing conn8:   9%|▉         | 27/299 [00:00<00:05, 48.63it/s]  Testing conn8:  11%|█         | 32/299 [00:00<00:05, 48.64it/s]  Testing conn8:  13%|█▎        | 38/299 [00:00<00:05, 49.37it/s]  Testing conn8:  15%|█▍        | 44/299 [00:00<00:05, 49.68it/s]  Testing conn8:  16%|█▋        | 49/299 [00:01<00:05, 48.14it/s]  Testing conn8:  18%|█▊        | 54/299 [00:01<00:05, 47.64it/s]  Testing conn8:  20%|█▉        | 59/299 [00:01<00:05, 47.74it/s]  Testing conn8:  21%|██▏       | 64/299 [00:01<00:04, 47.97it/s]  Testing conn8:  23%|██▎       | 69/299 [00:01<00:04, 47.80it/s]  Testing conn8:  25%|██▍       | 74/299 [00:01<00:04, 47.59it/s]  Testing conn8:  26%|██▋       | 79/299 [00:01<00:04, 47.45it/s]  Testing conn8:  28%|██▊       | 84/299 [00:01<00:04, 47.52it/s]  Testing conn8:  30%|██▉       | 89/299 [00:01<00:04, 47.81it/s]  Testing conn8:  31%|███▏      | 94/299 [00:01<00:04, 47.66it/s]  Testing conn8:  33%|███▎      | 99/299 [00:02<00:04, 46.25it/s]  Testing conn8:  35%|███▍      | 104/299 [00:02<00:04, 46.81it/s]  Testing conn8:  36%|███▋      | 109/299 [00:02<00:04, 46.96it/s]  Testing conn8:  38%|███▊      | 114/299 [00:02<00:03, 46.94it/s]  Testing conn8:  40%|███▉      | 119/299 [00:02<00:03, 46.63it/s]  Testing conn8:  41%|████▏     | 124/299 [00:02<00:03, 46.71it/s]  Testing conn8:  43%|████▎     | 129/299 [00:02<00:03, 46.99it/s]  Testing conn8:  45%|████▍     | 134/299 [00:02<00:03, 46.47it/s]  Testing conn8:  46%|████▋     | 139/299 [00:02<00:03, 42.65it/s]  Testing conn8:  48%|████▊     | 144/299 [00:03<00:03, 43.55it/s]  Testing conn8:  50%|████▉     | 149/299 [00:03<00:03, 45.24it/s]  Testing conn8:  52%|█████▏    | 155/299 [00:03<00:03, 46.94it/s]  Testing conn8:  54%|█████▍    | 161/299 [00:03<00:02, 48.25it/s]  Testing conn8:  56%|█████▌    | 166/299 [00:03<00:02, 48.64it/s]  Testing conn8:  57%|█████▋    | 171/299 [00:03<00:02, 48.91it/s]  Testing conn8:  59%|█████▉    | 176/299 [00:03<00:02, 49.18it/s]  Testing conn8:  61%|██████    | 181/299 [00:03<00:02, 49.14it/s]  Testing conn8:  62%|██████▏   | 186/299 [00:03<00:02, 49.01it/s]  Testing conn8:  64%|██████▍   | 191/299 [00:04<00:02, 46.94it/s]  Testing conn8:  66%|██████▌   | 196/299 [00:04<00:02, 45.04it/s]  Testing conn8:  67%|██████▋   | 201/299 [00:04<00:02, 45.44it/s]  Testing conn8:  69%|██████▉   | 207/299 [00:04<00:01, 47.05it/s]  Testing conn8:  71%|███████   | 212/299 [00:04<00:01, 47.35it/s]  Testing conn8:  73%|███████▎  | 217/299 [00:04<00:01, 48.00it/s]  Testing conn8:  75%|███████▍  | 223/299 [00:04<00:01, 48.96it/s]  Testing conn8:  77%|███████▋  | 229/299 [00:04<00:01, 49.46it/s]  Testing conn8:  78%|███████▊  | 234/299 [00:04<00:01, 49.60it/s]  Testing conn8:  80%|███████▉  | 239/299 [00:05<00:01, 49.60it/s]  Testing conn8:  82%|████████▏ | 244/299 [00:05<00:01, 49.43it/s]  Testing conn8:  84%|████████▎ | 250/299 [00:05<00:00, 49.94it/s]  Testing conn8:  86%|████████▌ | 256/299 [00:05<00:00, 50.05it/s]  Testing conn8:  88%|████████▊ | 262/299 [00:05<00:00, 48.97it/s]  Testing conn8:  89%|████████▉ | 267/299 [00:05<00:00, 48.27it/s]  Testing conn8:  91%|█████████ | 272/299 [00:05<00:00, 45.47it/s]  Testing conn8:  93%|█████████▎| 277/299 [00:05<00:00, 43.50it/s]  Testing conn8:  94%|█████████▍| 282/299 [00:05<00:00, 42.71it/s]  Testing conn8:  96%|█████████▌| 287/299 [00:06<00:00, 42.74it/s]  Testing conn8:  98%|█████████▊| 292/299 [00:06<00:00, 41.51it/s]  Testing conn8:  99%|█████████▉| 297/299 [00:06<00:00, 40.32it/s]  Testing conn8: 100%|██████████| 299/299 [00:06<00:00, 46.67it/s]

   📊 Risultati conn8:
      Accuracy: 298/299 (99.67%)
      Confusion Matrix:
      predicted_label   OK
true_label          
KO                 1
OK               298

======================================================================
Testing conn9
======================================================================
   Immagini da testare: 299
   Distribuzione: {'OK': 297, 'KO': 2}
  Testing conn9:   0%|          | 0/299 [00:00<?, ?it/s]  Testing conn9:   2%|▏         | 5/299 [00:00<00:06, 46.55it/s]  Testing conn9:   3%|▎         | 10/299 [00:00<00:05, 48.32it/s]  Testing conn9:   5%|▌         | 15/299 [00:00<00:05, 48.40it/s]  Testing conn9:   7%|▋         | 20/299 [00:00<00:06, 46.19it/s]  Testing conn9:   8%|▊         | 25/299 [00:00<00:06, 42.57it/s]  Testing conn9:  10%|█         | 30/299 [00:00<00:06, 39.37it/s]  Testing conn9:  12%|█▏        | 35/299 [00:00<00:06, 38.00it/s]  Testing conn9:  13%|█▎        | 39/299 [00:00<00:06, 37.69it/s]  Testing conn9:  14%|█▍        | 43/299 [00:01<00:06, 37.73it/s]  Testing conn9:  16%|█▌        | 47/299 [00:01<00:06, 37.98it/s]  Testing conn9:  17%|█▋        | 51/299 [00:01<00:06, 38.29it/s]  Testing conn9:  19%|█▊        | 56/299 [00:01<00:06, 38.65it/s]  Testing conn9:  20%|██        | 60/299 [00:01<00:06, 38.74it/s]  Testing conn9:  22%|██▏       | 65/299 [00:01<00:05, 39.37it/s]  Testing conn9:  23%|██▎       | 70/299 [00:01<00:05, 42.01it/s]  Testing conn9:  25%|██▌       | 75/299 [00:01<00:05, 44.18it/s]  Testing conn9:  27%|██▋       | 80/299 [00:01<00:04, 45.80it/s]  Testing conn9:  28%|██▊       | 85/299 [00:02<00:04, 46.81it/s]  Testing conn9:  30%|███       | 90/299 [00:02<00:04, 47.38it/s]  Testing conn9:  32%|███▏      | 95/299 [00:02<00:04, 47.95it/s]  Testing conn9:  34%|███▍      | 101/299 [00:02<00:04, 48.70it/s]  Testing conn9:  35%|███▌      | 106/299 [00:02<00:03, 48.74it/s]  Testing conn9:  37%|███▋      | 111/299 [00:02<00:03, 48.54it/s]  Testing conn9:  39%|███▉      | 116/299 [00:02<00:03, 48.62it/s]  Testing conn9:  40%|████      | 121/299 [00:02<00:03, 48.22it/s]  Testing conn9:  42%|████▏     | 126/299 [00:02<00:03, 45.87it/s]  Testing conn9:  44%|████▍     | 131/299 [00:03<00:03, 42.84it/s]  Testing conn9:  45%|████▌     | 136/299 [00:03<00:03, 41.87it/s]  Testing conn9:  47%|████▋     | 141/299 [00:03<00:03, 43.45it/s]  Testing conn9:  49%|████▉     | 146/299 [00:03<00:03, 43.14it/s]  Testing conn9:  51%|█████     | 151/299 [00:03<00:03, 41.68it/s]  Testing conn9:  52%|█████▏    | 156/299 [00:03<00:03, 38.80it/s]  Testing conn9:  54%|█████▎    | 160/299 [00:03<00:03, 38.88it/s]  Testing conn9:  55%|█████▌    | 165/299 [00:03<00:03, 41.63it/s]  Testing conn9:  57%|█████▋    | 171/299 [00:03<00:02, 44.28it/s]  Testing conn9:  59%|█████▉    | 176/299 [00:04<00:02, 45.23it/s]  Testing conn9:  61%|██████    | 181/299 [00:04<00:02, 44.51it/s]  Testing conn9:  62%|██████▏   | 186/299 [00:04<00:02, 38.52it/s]  Testing conn9:  64%|██████▍   | 191/299 [00:04<00:02, 37.12it/s]  Testing conn9:  66%|██████▌   | 196/299 [00:04<00:02, 39.21it/s]  Testing conn9:  67%|██████▋   | 201/299 [00:04<00:02, 40.61it/s]  Testing conn9:  69%|██████▉   | 206/299 [00:04<00:02, 40.21it/s]  Testing conn9:  71%|███████   | 211/299 [00:04<00:02, 40.21it/s]  Testing conn9:  72%|███████▏  | 216/299 [00:05<00:02, 39.40it/s]  Testing conn9:  74%|███████▍  | 221/299 [00:05<00:01, 40.55it/s]  Testing conn9:  76%|███████▌  | 226/299 [00:05<00:01, 42.62it/s]  Testing conn9:  77%|███████▋  | 231/299 [00:05<00:01, 43.34it/s]  Testing conn9:  79%|███████▉  | 236/299 [00:05<00:01, 41.56it/s]  Testing conn9:  81%|████████  | 241/299 [00:05<00:01, 41.03it/s]  Testing conn9:  82%|████████▏ | 246/299 [00:05<00:01, 42.70it/s]  Testing conn9:  84%|████████▍ | 251/299 [00:05<00:01, 44.29it/s]  Testing conn9:  86%|████████▌ | 256/299 [00:06<00:00, 45.64it/s]  Testing conn9:  87%|████████▋ | 261/299 [00:06<00:00, 46.34it/s]  Testing conn9:  89%|████████▉ | 266/299 [00:06<00:00, 47.23it/s]  Testing conn9:  91%|█████████ | 271/299 [00:06<00:00, 47.90it/s]  Testing conn9:  92%|█████████▏| 276/299 [00:06<00:00, 48.51it/s]  Testing conn9:  94%|█████████▍| 281/299 [00:06<00:00, 48.50it/s]  Testing conn9:  96%|█████████▌| 286/299 [00:06<00:00, 48.45it/s]  Testing conn9:  97%|█████████▋| 291/299 [00:06<00:00, 48.68it/s]  Testing conn9:  99%|█████████▉| 296/299 [00:06<00:00, 48.97it/s]  Testing conn9: 100%|██████████| 299/299 [00:06<00:00, 43.41it/s]

   📊 Risultati conn9:
      Accuracy: 296/299 (99.00%)
      Confusion Matrix:
      predicted_label  KO   OK
true_label              
KO                0    2
OK                1  296

======================================================================
ANALISI COMPLESSIVA
======================================================================

📊 Statistiche Generali:
   Totale immagini testate: 2368
   Corrette: 2327
   Accuracy complessiva: 98.27%

📋 Confusion Matrix:
predicted_label  KO    OK   All
true_label                     
KO                9    16    25
OK               25  2318  2343
All              34  2334  2368

📊 Accuracy per Classe:
   OK          : 2318/2343 (98.93%)
   KO          :    9/  25 (36.00%)

📊 Accuracy per Connettore:
   conn1   :  312/ 317 (98.42%) | OK:312 KO:  5
   conn2   :  308/ 317 (97.16%) | OK:312 KO:  5
   conn3   :  317/ 317 (100.00%) | OK:317 KO:  0
   conn4   :  148/ 151 (98.01%) | OK:151 KO:  0
   conn5   :  201/ 206 (97.57%) | OK:202 KO:  4
   conn6   :  197/ 208 (94.71%) | OK:204 KO:  4
   conn7   :  250/ 254 (98.43%) | OK:250 KO:  4
   conn8   :  298/ 299 (99.67%) | OK:298 KO:  1
   conn9   :  296/ 299 (99.00%) | OK:297 KO:  2

📊 Analisi Errori:
predicted_label  KO  OK
true_label             
KO                0  16
OK               25   0

   Errori per tipo:
      OK → KO (False Positive): 25
      KO → OK (False Negative): 16

📊 Analisi Score:
   OK scores: mean=4.347268, std=1.570278
              min=1.822178, max=16.033993
   KO scores: mean=7.008916, std=1.771944
              min=3.772535, max=10.718397

💾 Salvataggio risultati...
   ✅ Risultati salvati: /Users/md101ta/Project Work/Training/test_results_training2/test_results.csv
Traceback (most recent call last):
  File "/Users/md101ta/Project Work/Training/test_models_training2.py", line 656, in <module>
    results_df, summary = test_models()
                          ^^^^^^^^^^^^^
  File "/Users/md101ta/Project Work/Training/test_models_training2.py", line 578, in test_models
    json.dump(summary, f, indent=2)
  File "/Library/Frameworks/Python.framework/Versions/3.11/lib/python3.11/json/__init__.py", line 179, in dump
    for chunk in iterable:
  File "/Library/Frameworks/Python.framework/Versions/3.11/lib/python3.11/json/encoder.py", line 432, in _iterencode
    yield from _iterencode_dict(o, _current_indent_level)
  File "/Library/Frameworks/Python.framework/Versions/3.11/lib/python3.11/json/encoder.py", line 406, in _iterencode_dict
    yield from chunks
  File "/Library/Frameworks/Python.framework/Versions/3.11/lib/python3.11/json/encoder.py", line 439, in _iterencode
    o = _default(o)
        ^^^^^^^^^^^
  File "/Library/Frameworks/Python.framework/Versions/3.11/lib/python3.11/json/encoder.py", line 180, in default
    raise TypeError(f'Object of type {o.__class__.__name__} '
TypeError: Object of type int64 is not JSON serializable
